[www.kaleido.io/blockchain-platform/quorum.html]
[backblue.gif]
[fade.gif]
[index.html]
[assets-global.website-files.com/5dfc18aeef0cf9644ab5ccca/css/kaleido.211250e64.min.css]
[ajax.googleapis.com/ajax/libs/webfont/1.6.26/webfont.js]
[use.typekit.net/uax4cwt.js]
[assets-global.website-files.com/5dfc18aeef0cf9644ab5ccca/623cb78c301ee7ba1f7ea7a9_favicon-32x32.png]
[assets-global.website-files.com/5dfc18aeef0cf9644ab5ccca/6255b631d36284ba8781702a_Blue_Avatar_256x256.png]
[www.kaleido.io/blockchain-platform/hyperledger-fabric.html]
[www.kaleido.io/blockchain-platform/corda-os.html]
[www.kaleido.io/blockchain-platform/smart-contract-management.html]
[www.kaleido.io/blockchain-platform/block-explorer.html]
[www.kaleido.io/blockchain-platform/token-explorer.html]
[www.kaleido.io/blockchain-platform/rest-api-gateway.html]
[www.kaleido.io/blockchain-platform/amazon-web-services.html]
[www.kaleido.io/blockchain-platform/azure.html]
[www.kaleido.io/blockchain-platform/privatestack.html]
[www.kaleido.io/blockchain-platform/public-ethereum-tether.html]
[www.kaleido.io/blockchain-platform/ether-pool.html]
[www.kaleido.io/blockchain-platform/chainlink.html]
[www.kaleido.io/blockchain-platform/rotate-signers.html]
[www.kaleido.io/blockchain-platform/on-chain-registry.html]
[www.kaleido.io/blockchain-platform/app2app-messaging.html]
[www.kaleido.io/blockchain-platform/blockchain-application-firewall.html]
[www.kaleido.io/blockchain-platform/identity-and-access-management-iam.html]
[www.kaleido.io/blockchain-platform/document-exchange.html]
[www.kaleido.io/blockchain-platform/ipfs-file-store.html]
[www.kaleido.io/blockchain-platform/event-streams.html]
[www.kaleido.io/blockchain-platform/aws-private-networking.html]
[www.kaleido.io/blockchain-platform/aws-enterprise-single-sign-on.html]
[assets-global.website-files.com/5dfc18aeef0cf97edeb5ccd2/61f00741cc78ab901e2df097_quorum-console.png]
[assets-global.website-files.com/5dfc18aeef0cf97edeb5ccd2/5eb96dccbf7c64844d2e13e0_Enterprise Blockchain Protocols_ A Technical Analysis of Ethereum vs Fabric vs Corda .png]
[assets-global.website-files.com/5dfc18aeef0cf97edeb5ccd2/6268672d5a7e9220c8f05248_consensus_algorithms_poa_ibft_or_raft.jpg]
[js.hsforms.net/forms/v2.js]
[d3e54v103j8qbb.cloudfront.net/js/jquery-3.5.1.min.dc5e7f18c8fb4a.js]
[assets-global.website-files.com/5dfc18aeef0cf9644ab5ccca/js/kaleido.4d5eeb9d6.js]
[cdn.jsdelivr.net/npm/js-cookie@2/src/js.cookie.min.js]
[www.kaleido.io/blockchain-platform/quorum.html]
[assets-global.website-files.com/5dfc18aeef0cf9644ab5ccca/61eb13ca6bbef8397c5c554f_kaleidoscope-shapes-top-right-corner.png]
[assets-global.website-files.com/5dfc18aeef0cf9644ab5ccca/61eb0fd7bbabe75bc1dc6f5c_kaleidoscope-shapes-bottom-left-corner.png]
[assets-global.website-files.com/5dfc18aeef0cf9644ab5ccca/6233568793c2319a44faa0f1_Blue_Hexagon_Shapes.png]
[assets-global.website-files.com/5dfc18aeef0cf9644ab5ccca/618c2433949079eaf1eda333_bottom-right-hexagon-shapes.png]
[assets-global.website-files.com/5dfc18aeef0cf9644ab5ccca/5fc9b1635d2513ce6589e2e2_Kaleido Group Photo at Xmas party.jpg]
[assets-global.website-files.com/5dfc18aeef0cf9644ab5ccca/5fbe950d814f884b4028050f_Kaleido team-xmas party.jpg]
[assets-global.website-files.com/5dfc18aeef0cf9644ab5ccca/5fbe7b6d56c51c475bb931af_Dzi3Di_X4AMxqsf.jpg]
[assets-global.website-files.com/5dfc18aeef0cf9644ab5ccca/5fbe7b6d56c51c0aa9b9319c_team1.jpg]
[assets-global.website-files.com/5dfc18aeef0cf9644ab5ccca/5fca80b440207386610b971b_Group photo - conference.png]
[assets-global.website-files.com/5dfc18aeef0cf9644ab5ccca/5fc933b92bce6f0c6272974b_Arrow.png]
[assets-global.website-files.com/5dfc18aeef0cf9644ab5ccca/5fce5a72cd7504a1ec5070d9_Kaleido team - hoodie.jpg]
[assets-global.website-files.com/5dfc18aeef0cf9644ab5ccca/5fce5a678bba2811075e32d9_Kaleido team activity - pingpong.jpg]
[assets-global.website-files.com/5dfc18aeef0cf9644ab5ccca/628e83e0bb3a1940e1142a89_Government_Hero_Image.png]
[assets-global.website-files.com/5dfc18aeef0cf9644ab5ccca/61cc70744e697c64ef18340b_shipping-container-crane-with-hexagons.png]
[assets-global.website-files.com/5dfc18aeef0cf9644ab5ccca/61cc81e6fe777a58b5e54956_doctors-in-a-hospital-hallway-with-hexagons.png]
[assets-global.website-files.com/5dfc18aeef0cf9644ab5ccca/6172d4cfb42c4b30c8d01ee1_shipping-containers-from-above.jpg]
[assets-global.website-files.com/5dfc18aeef0cf9644ab5ccca/6172d9f9ff4ac51b0c36dc82_farms-on-a-mountain.jpg]
[assets-global.website-files.com/5dfc18aeef0cf9644ab5ccca/618c2dcfe8234b07a15ac927_house-in-the-philippines.jpg]
[assets-global.website-files.com/5dfc18aeef0cf9644ab5ccca/619686ba95c660fd0b9da71d_woman-walking-by-a-bank.jpg]
[assets-global.website-files.com/5dfc18aeef0cf9644ab5ccca/619686b9ff4de64bd6e78e20_two-business-woman-talking.jpg]
[assets-global.website-files.com/5dfc18aeef0cf9644ab5ccca/619686baf2925852eeb07e69_tropical-waterfall.jpg]
[assets-global.website-files.com/5dfc18aeef0cf9644ab5ccca/61b8ed320fddc6e9ff69c601_people-at-a-movie.jpg]
[assets-global.website-files.com/5dfc18aeef0cf9644ab5ccca/61b8efffeb94b474225bd6be_doctor-typing-on-a-phone.jpg]
[assets-global.website-files.com/5dfc18aeef0cf9644ab5ccca/61cc80ad9df547419f672c60_tractors-farming.jpg]
[assets-global.website-files.com/5dfc18aeef0cf9644ab5ccca/61cc91facd0e3c7e0af8c4ce_doctor-looking-at-an-x-ray.jpg]
[assets-global.website-files.com/5dfc18aeef0cf9644ab5ccca/61cc923890f74a0f707601fb_prescription-bottle-with-medicine.jpg]
[assets-global.website-files.com/5dfc18aeef0cf9644ab5ccca/61cc927356455561ddf3a3b9_woman-using-a-laptop.jpg]
[assets-global.website-files.com/5dfc18aeef0cf9644ab5ccca/61d742854b37db59839f591e_doctors-working-in-an-emergency-room.jpg]
[assets-global.website-files.com/5dfc18aeef0cf9644ab5ccca/61d7431b488d4155a192ac16_tuberculosis-bacteria.jpg]
[assets-global.website-files.com/5dfc18aeef0cf9644ab5ccca/61d7438f13386c9e7489a125_orange-shipping-containers.jpg]
[assets-global.website-files.com/5dfc18aeef0cf9644ab5ccca/61d7443d154a67f97ca826f5_wheat-field.jpg]
[assets-global.website-files.com/5dfc18aeef0cf9644ab5ccca/61d7449424b5f05385d72f4b_skin-care-product.jpg]
[assets-global.website-files.com/5dfc18aeef0cf9644ab5ccca/6203e56ae830f07b49f58f3e_looking-up-at-skyscrapers.jpg]
[assets-global.website-files.com/5dfc18aeef0cf9644ab5ccca/6203e6f59c689700d9ba828f_people-watching-a-movie.jpg]
[assets-global.website-files.com/5dfc18aeef0cf9644ab5ccca/css/kaleido.211250e64.min.css]
[www.googletagmanager.com/gtm5445.html]
[assets-global.website-files.com/5dfc18aeef0cf97edeb5ccd2/61f0072c0bea2dbf4f4bc03a_hyperledger-fabric-console.png]
[assets-global.website-files.com/5dfc18aeef0cf97edeb5ccd2/613113fc9875cf10bed6a7af_hyperledger-fabric-kaleido.png]
[assets-global.website-files.com/5dfc18aeef0cf97edeb5ccd2/61cb2ce6bfb7902e775f8bd9_introducing-pay-as-you-go-pricing-for-hyperledger-fabric.jpg]
[www.kaleido.io/blockchain-platform/hyperledger-fabric.html]
[assets-global.website-files.com/5dfc18aeef0cf97edeb5ccd2/61f006d2a4c110251cce3e43_corda-os-console.png]
[assets-global.website-files.com/5dfc18aeef0cf97edeb5ccd2/5f9adb329576932f73c03204_Corda-protocol-opton-kaleido.png]
[assets-global.website-files.com/5dfc18aeef0cf97edeb5ccd2/5f9adb366d1e825d87c497db_Corda-sample-code-kaleido.png]
[assets-global.website-files.com/5dfc18aeef0cf97edeb5ccd2/622f78556aebd4798ec7a6fd_Corda Announcement Blog.jpg]
[www.kaleido.io/blockchain-platform/corda-os.html]
[assets-global.website-files.com/5dfc18aeef0cf97edeb5ccd2/62168cab70f3c94a3e996325_smart-contract-management-console.png]
[assets-global.website-files.com/5dfc18aeef0cf97edeb5ccd2/5eb0e0c866df16989fd7ec8f_SmartContract-Projects-DB.jpg]
[assets-global.website-files.com/5dfc18aeef0cf97edeb5ccd2/5eb0e0c8928e7b2a2720794e_SmartContract-GatewayAPI-Detail-Swagger.jpg]
[assets-global.website-files.com/5dfc18aeef0cf97edeb5ccd2/5eb0e0c7928e7b820120794d_SmartContract-Projects-Create-Compile.jpg]
[assets-global.website-files.com/5dfc18aeef0cf97edeb5ccd2/5eb0e0c884c65a2346a2e02a_SmartContract-GatewayAPI-Detail.jpg]
[assets-global.website-files.com/5dfc18aeef0cf97edeb5ccd2/5eb0e0c889c4b1be4c32a584_SmartContract-Projects-Detail.jpg]
[assets-global.website-files.com/5dfc18aeef0cf97edeb5ccd2/5eb0e0c766df166002d7ec8e_SmartContract-GatewayAPI-DB.jpg]
[assets-global.website-files.com/5dfc18aeef0cf97edeb5ccd2/5eb859a522342aca35f3284f_Marketecture_SmartContracts.png]
[assets-global.website-files.com/5dfc18aeef0cf97edeb5ccd2/5eb96cde1bb66907e3510fd7_Smart Contract Management Solution_ How it Works & Why You Need It.png]
[www.kaleido.io/blockchain-platform/smart-contract-management.html]
[assets-global.website-files.com/5dfc18aeef0cf97edeb5ccd2/621689fecb9f788bf1fe47e5_block-explorer-console.png]
[assets-global.website-files.com/5dfc18aeef0cf97edeb5ccd2/5ee27bf535f0b002b4efce65_Block Explorer Dashboard.png]
[assets-global.website-files.com/5dfc18aeef0cf97edeb5ccd2/5ee27c127ae6bdd70adf1c0e_Block Explorer Blocks 2.png]
[assets-global.website-files.com/5dfc18aeef0cf97edeb5ccd2/5ee27c1f4384c9efd6f97bed_Block Explorer Transactions.png]
[assets-global.website-files.com/5dfc18aeef0cf97edeb5ccd2/5ee27c21e5bbd131bdd0700e_Block Explorer Transactions 3 (1).png]
[www.kaleido.io/blockchain-platform/block-explorer.html]
[assets-global.website-files.com/5dfc18aeef0cf97edeb5ccd2/62168cbecb9f78c3a4fe6107_token-explorer-console.png]
[assets-global.website-files.com/5dfc18aeef0cf97edeb5ccd2/5ee279fbc9274c85be8e09fd_Token Explorer Dashboard.png]
[assets-global.website-files.com/5dfc18aeef0cf97edeb5ccd2/5ee27a0066465b631fd531ac_Token Explorer Tokens.png]
[assets-global.website-files.com/5dfc18aeef0cf97edeb5ccd2/5ee27a0481c9aa42f3b5d5f4_Token Explorer Transfers.png]
[www.kaleido.io/blockchain-platform/token-explorer.html]
[assets-global.website-files.com/5dfc18aeef0cf97edeb5ccd2/61f827396636d2203409953d_rest-api-gateway-console.png]
[assets-global.website-files.com/5dfc18aeef0cf97edeb5ccd2/5f64aed78f6ed5731c8b184a_REST API GATEWAY.jpg]
[www.kaleido.io/blockchain-platform/rest-api-gateway.html]
[assets-global.website-files.com/5dfc18aeef0cf97edeb5ccd2/62168854eea1cdf1310652b6_amazon-web-services-console.png]
[www.kaleido.io/blockchain-platform/aws-key-encryption.html]
[www.kaleido.io/blockchain-platform/aws-node-backup.html]
[www.kaleido.io/blockchain-platform/geth.html]
[www.kaleido.io/blockchain-platform/corda-enterprise.html]
[www.kaleido.io/blockchain-platform/amazon-web-services.html]
[assets-global.website-files.com/5dfc18aeef0cf97edeb5ccd2/5ebef95f939a7843f611aefe_ConsenSys Unveils Kaleido in Collaboration with Amazon Web Services to Simplify Enterprise Blockchain Adopt]
[www.kaleido.io/blockchain-platform/azure-key-encryption.html]
[www.kaleido.io/blockchain-platform/azure-node-backup.html]
[www.kaleido.io/blockchain-platform/azure-key-vault-signer.html]
[www.kaleido.io/blockchain-platform/azure-log-streaming.html]
[assets-global.website-files.com/5dfc18aeef0cf97edeb5ccd2/622f7426b4ba43a39210dd88_Announcing Microsoft Azure GA and New Azure Billing Option.jpg]
[www.kaleido.io/blockchain-platform/azure.html]
[assets-global.website-files.com/5dfc18aeef0cf97edeb5ccd2/62168c1cf7c5f7b6ccc7a9d2_privatestack-console.png]
[assets-global.website-files.com/5dfc18aeef0cf97edeb5ccd2/5f73591811f4802051c55186_PrivateStack chart for service page.png]
[assets-global.website-files.com/5dfc18aeef0cf97edeb5ccd2/6216a8d2048443bb99c35860_kaleido-privatestack-diagram.jpg]
[assets-global.website-files.com/5dfc18aeef0cf97edeb5ccd2/622f78d9a3e8c33d2abf27cd_PrivateStack-Blog.jpg]
[www.kaleido.io/blockchain-platform/privatestack.html]
[assets-global.website-files.com/5dfc18aeef0cf97edeb5ccd2/62168c2d23f3662ff3b2558a_public-ethereum-tether-console.png]
[assets-global.website-files.com/5dfc18aeef0cf97edeb5ccd2/5e31bde68eae9f80ee07c991_tether-activity-summary.jpg]
[assets-global.website-files.com/5dfc18aeef0cf97edeb5ccd2/5e31bde65be31e67e563c76f_tether-cost-summary.jpg]
[assets-global.website-files.com/5dfc18aeef0cf97edeb5ccd2/5e31bde6591545949edbdd03_tether-settings.jpg]
[assets-global.website-files.com/5dfc18aeef0cf97edeb5ccd2/5eb8592864050e79f0c087a3_Marketecture_PublicEthereumTether.png]
[assets-global.website-files.com/5dfc18aeef0cf97edeb5ccd2/5eb9684941d153dad273ae28_Kaleido’s New and Improved Public Ethereum Tether Service (with Demo).png]
[www.kaleido.io/blockchain-platform/public-ethereum-tether.html]
[assets-global.website-files.com/5dfc18aeef0cf97edeb5ccd2/62168a820190746b5efdc05e_ether-pool-console.png]
[www.kaleido.io/blockchain-platform/ether-pool.html]
[assets-global.website-files.com/5dfc18aeef0cf97edeb5ccd2/62168a26e4b62c2dea302cee_chainlink-console.png]
[assets-global.website-files.com/5dfc18aeef0cf97edeb5ccd2/5e31ce19ba877112fed4b50f_Chainlink-Dashboard.png]
[assets-global.website-files.com/5dfc18aeef0cf97edeb5ccd2/5e31ce19d02faa2f8e338121_payments-api-diagram.png]
[assets-global.website-files.com/5dfc18aeef0cf97edeb5ccd2/6216a83a4168dff95cb861f2_kaleido-chainlink-diagram.jpg]
[assets-global.website-files.com/5dfc18aeef0cf97edeb5ccd2/622f76e46d5acb0d4a6eaa13_How Chainlink Works Under the Covers.jpg]
[www.kaleido.io/blockchain-platform/chainlink.html]
[assets-global.website-files.com/5dfc18aeef0cf97edeb5ccd2/5e1286446a42a43b5c60ea6c_Screen-Shot-2019-08-14-at-4.33.08-PM.png]
[assets-global.website-files.com/5dfc18aeef0cf97edeb5ccd2/5e1286446a42a467aa60ea6b_Screen-Shot-2019-08-14-at-4.32.22-PM.png]
[assets-global.website-files.com/5dfc18aeef0cf97edeb5ccd2/5f64ae758f6ed501208ab91c_ROTATE SIGNERS.jpg]
[assets-global.website-files.com/5dfc18aeef0cf97edeb5ccd2/5eb96b89aea9c5860fd539b7_Using Rotating Signers to Scale IBFT Consensus Algorithm.png]
[www.kaleido.io/blockchain-platform/rotate-signers.html]
[assets-global.website-files.com/5dfc18aeef0cf97edeb5ccd2/62168bdddf2241260efb111b_on-chain-registry-console.png]
[www.kaleido.io/blockchain-platform/on-chain-registry.html]
[assets-global.website-files.com/5dfc18aeef0cf97edeb5ccd2/5eb858969c6a7d0c0e3e3d6c_Marketecture_OnChainRegistry.png]
[assets-global.website-files.com/5dfc18aeef0cf97edeb5ccd2/6216886d03da69a48146455f_app2app-messaging-console.png]
[www.kaleido.io/blockchain-platform/app2app-messaging.html]
[assets-global.website-files.com/5dfc18aeef0cf97edeb5ccd2/5ebd831c9aa15955ddb6abff_Marketecture_App2AppMessaging.png]
[assets-global.website-files.com/5dfc18aeef0cf97edeb5ccd2/62168a142cf9852ec05204b2_blockchain-application-firewall-console.png]
[assets-global.website-files.com/5dfc18aeef0cf97edeb5ccd2/5eb0ec1009a7353becb0a959_BAF-Detail.jpg]
[assets-global.website-files.com/5dfc18aeef0cf97edeb5ccd2/5eb0ec10c8c08b60783b11f4_BAF-Detail-DB.jpg]
[assets-global.website-files.com/5dfc18aeef0cf97edeb5ccd2/5eb856de16e66d5f321e368b_Marketecture_BlockchainApplicationFirewall.png]
[www.kaleido.io/blockchain-platform/blockchain-application-firewall.html]
[www.kaleido.io/blockchain-platform/identity-and-access-management-iam.html]
[assets-global.website-files.com/5dfc18aeef0cf97edeb5ccd2/62168a5103da691d48466900_document-exchange-console.png]
[assets-global.website-files.com/5dfc18aeef0cf97edeb5ccd2/5eb857938279ee2c3be369a9_Marketecture_DocumentExchange.png]
[www.kaleido.io/blockchain-platform/document-exchange.html]
[assets-global.website-files.com/5dfc18aeef0cf97edeb5ccd2/5eb96c5c1bb6693cd750af43_New Document Store Service Offers Private, Off-Chain Storage.png]
[assets-global.website-files.com/5dfc18aeef0cf97edeb5ccd2/61f829b212618158dc0a412a_ipfs-file-store-console.png]
[assets-global.website-files.com/5dfc18aeef0cf97edeb5ccd2/5e31bc1d5be31e3af263aa9c_Screen-Shot-2018-10-26-at-3.00.39-PM.png]
[assets-global.website-files.com/5dfc18aeef0cf97edeb5ccd2/5e31bc1d59154514f5dbca8a_Screen-Shot-2018-10-26-at-3.00.49-PM.png]
[assets-global.website-files.com/5dfc18aeef0cf97edeb5ccd2/5e31bc1f5be31e4a4263aac2_Screen-Shot-2018-10-26-at-3.00.54-PM.png]
[assets-global.website-files.com/5dfc18aeef0cf97edeb5ccd2/5e31bc1d5be31e08a563aa65_Screen-Shot-2018-10-26-at-3.01.05-PM.png]
[www.kaleido.io/blockchain-platform/ipfs-file-store.html]
[assets-global.website-files.com/5dfc18aeef0cf97edeb5ccd2/62168a9782f4d38071b4581b_event-streams-console.png]
[assets-global.website-files.com/5dfc18aeef0cf97edeb5ccd2/5eb857bf43bfba1d82b8e878_Marketecture_EventStreams.png]
[www.kaleido.io/blockchain-platform/event-streams.html]
[assets-global.website-files.com/5dfc18aeef0cf97edeb5ccd2/62168931689cf9726ce34e94_aws-private-networking-console.png]
[assets-global.website-files.com/5dfc18aeef0cf97edeb5ccd2/5eb85905a8541628e107c9ec_Marketecture_PrivateNetworkingAWS.png]
[www.kaleido.io/blockchain-platform/aws-private-networking.html]
[www.kaleido.io/blockchain-platform/aws-enterprise-single-sign-on.html]
[assets-global.website-files.com/5dfc18aeef0cf9644ab5ccca/5fca80be7d574a0156a359d1_Group photo - S+S.png]
[assets-global.website-files.com/5dfc18aeef0cf97edeb5ccd2/621688c6f7a9452842c73c33_aws-key-encryption-console.png]
[assets-global.website-files.com/5dfc18aeef0cf97edeb5ccd2/5eb858435013aec0fc341a97_Marketecture_KMSAWS.png]
[www.kaleido.io/blockchain-platform/aws-key-encryption.html]
[www.kaleido.io/blockchain-platform/aws-node-backup.html]
[assets-global.website-files.com/5dfc18aeef0cf97edeb5ccd2/61f006fb2ca6f1b9958c14f7_geth-console.png]
[www.kaleido.io/blockchain-platform/geth.html]
[assets-global.website-files.com/5dfc18aeef0cf97edeb5ccd2/61f006b94a9effbe4f07eff0_corda-enterprise-console.png]
[www.kaleido.io/blockchain-platform/corda-enterprise.html]
[assets-global.website-files.com/5dfc18aeef0cf97edeb5ccd2/6216898a58f7535e7e0747be_azure-key-encryption-console.png]
[assets-global.website-files.com/5dfc18aeef0cf97edeb5ccd2/5eb8586e22342a78a8f2835c_Marketecture_KMSAzure.png]
[www.kaleido.io/blockchain-platform/azure-key-encryption.html]
[www.kaleido.io/blockchain-platform/azure-node-backup.html]
[assets-global.website-files.com/5dfc18aeef0cf97edeb5ccd2/6216899e0190746d79fdb9cc_azure-keyvault-signer-console.png]
[assets-global.website-files.com/5dfc18aeef0cf97edeb5ccd2/5eb81a4fcaa00715d5770c86_Azure Key Vault.png]
[assets-global.website-files.com/5dfc18aeef0cf97edeb5ccd2/5eb81ad27a464920babcbd51_Azurel Key Vault 2.png]
[assets-global.website-files.com/5dfc18aeef0cf97edeb5ccd2/6216a810467eeb2c72a5aeb0_azure-key-vault-signer-diagram.jpg]
[www.kaleido.io/blockchain-platform/azure-key-vault-signer.html]
[www.kaleido.io/blockchain-platform/azure-log-streaming.html]
[www.kaleido.io/blockchain-platform/aws-log-streaming]
[www.kaleido.io/blockchain-platform/hyperledger-besu.html]
